1 arg remaining, starting with 'C.tcp_iso_red.trace'
Ostermann's tcptrace -- version 6.6.7 -- Thu Nov  4, 2004

338271 packets seen, 15560 TCP packets traced
elapsed wallclock time: 0:00:00.757422, 446608 pkts/sec analyzed
trace file elapsed time: 0:09:01.027807
TCP connection info:
  1: bb121-7-0-2.singnet.com.sg:59199 - bb121-7-64-2.singnet.com.sg:pcanywherestat (a2b)   26>   20<
  2: bb121-7-0-2.singnet.com.sg:57919 - bb121-7-64-2.singnet.com.sg:80 (c2d)                7>    6<  (reset)
  3: bb121-7-0-2.singnet.com.sg:57922 - bb121-7-64-2.singnet.com.sg:80 (e2f)                9>    8<  (reset)
  4: bb121-7-0-2.singnet.com.sg:57923 - bb121-7-64-2.singnet.com.sg:80 (g2h)               28>   35<  (complete)
  5: bb121-7-0-2.singnet.com.sg:57924 - bb121-7-64-2.singnet.com.sg:80 (i2j)                7>    6<  (reset)
  6: bb121-7-0-2.singnet.com.sg:57934 - bb121-7-64-2.singnet.com.sg:80 (k2l)             3445> 5373<  (complete)
  7: bb121-7-0-2.singnet.com.sg:57937 - bb121-7-64-2.singnet.com.sg:80 (m2n)               28>   36<  (complete)
  8: bb121-7-0-2.singnet.com.sg:57939 - bb121-7-64-2.singnet.com.sg:80 (o2p)                9>   10<  (reset)
  9: bb121-7-0-2.singnet.com.sg:57936 - bb121-7-64-2.singnet.com.sg:80 (q2r)                9>    8<  (reset)
 10: bb121-7-0-2.singnet.com.sg:57945 - bb121-7-64-2.singnet.com.sg:80 (s2t)               27>   36<  (complete)
 11: bb121-7-0-2.singnet.com.sg:57953 - bb121-7-64-2.singnet.com.sg:80 (u2v)               26>   33<  (complete)
 12: bb121-7-0-2.singnet.com.sg:57954 - bb121-7-64-2.singnet.com.sg:80 (w2x)               25>   32<  (complete)
 13: bb121-7-0-2.singnet.com.sg:57961 - bb121-7-64-2.singnet.com.sg:80 (y2z)               31>   35<  (complete)
 14: bb121-7-0-2.singnet.com.sg:57964 - bb121-7-64-2.singnet.com.sg:80 (aa2ab)             26>   35<  (complete)
 15: bb121-7-0-2.singnet.com.sg:57973 - bb121-7-64-2.singnet.com.sg:80 (ac2ad)             27>   32<  (complete)
 16: bb121-7-0-2.singnet.com.sg:57974 - bb121-7-64-2.singnet.com.sg:80 (ae2af)             29>   32<  (complete)
 17: bb121-7-0-2.singnet.com.sg:57977 - bb121-7-64-2.singnet.com.sg:80 (ag2ah)             27>   39<  (complete)
 18: bb121-7-0-2.singnet.com.sg:57972 - bb121-7-64-2.singnet.com.sg:80 (ai2aj)              9>    8<  (reset)
 19: bb121-7-0-2.singnet.com.sg:57980 - bb121-7-64-2.singnet.com.sg:80 (ak2al)             27>   31<  (complete)
 20: bb121-7-0-2.singnet.com.sg:57985 - bb121-7-64-2.singnet.com.sg:80 (am2an)             26>   36<  (complete)
 21: bb121-7-0-2.singnet.com.sg:57988 - bb121-7-64-2.singnet.com.sg:80 (ao2ap)             30>   37<  (complete)
 22: bb121-7-0-2.singnet.com.sg:57989 - bb121-7-64-2.singnet.com.sg:80 (aq2ar)              9>    8<  (reset)
 23: bb121-7-0-2.singnet.com.sg:57993 - bb121-7-64-2.singnet.com.sg:80 (as2at)              5>    9<  (reset)
 24: bb121-7-0-2.singnet.com.sg:57996 - bb121-7-64-2.singnet.com.sg:80 (au2av)             27>   41<  (complete)
 25: bb121-7-0-2.singnet.com.sg:58001 - bb121-7-64-2.singnet.com.sg:80 (aw2ax)             25>   33<  (complete)
 26: bb121-7-0-2.singnet.com.sg:58005 - bb121-7-64-2.singnet.com.sg:80 (ay2az)             27>   36<  (complete)
 27: bb121-7-0-2.singnet.com.sg:58006 - bb121-7-64-2.singnet.com.sg:80 (ba2bb)              7>    8<  (reset)
 28: bb121-7-0-2.singnet.com.sg:58011 - bb121-7-64-2.singnet.com.sg:80 (bc2bd)             26>   36<  (complete)
 29: bb121-7-0-2.singnet.com.sg:58019 - bb121-7-64-2.singnet.com.sg:80 (be2bf)             26>   32<  (complete)
 30: bb121-7-0-2.singnet.com.sg:58015 - bb121-7-64-2.singnet.com.sg:80 (bg2bh)              8>    7<  (reset)
 31: bb121-7-0-2.singnet.com.sg:58032 - bb121-7-64-2.singnet.com.sg:80 (bi2bj)              6>    6<  (reset)
 32: bb121-7-0-2.singnet.com.sg:58027 - bb121-7-64-2.singnet.com.sg:80 (bk2bl)             31>   34<  (complete)
 33: bb121-7-0-2.singnet.com.sg:58038 - bb121-7-64-2.singnet.com.sg:80 (bm2bn)             29>   39<  (complete)
 34: bb121-7-0-2.singnet.com.sg:58035 - bb121-7-64-2.singnet.com.sg:80 (bo2bp)              4>    5<  (reset)
 35: bb121-7-0-2.singnet.com.sg:58025 - bb121-7-64-2.singnet.com.sg:80 (bq2br)              9>    8<  (reset)
 36: bb121-7-0-2.singnet.com.sg:58048 - bb121-7-64-2.singnet.com.sg:80 (bs2bt)             12>   11<  (reset)
 37: bb121-7-0-2.singnet.com.sg:58043 - bb121-7-64-2.singnet.com.sg:80 (bu2bv)             27>   38<  (complete)
 38: bb121-7-0-2.singnet.com.sg:58050 - bb121-7-64-2.singnet.com.sg:80 (bw2bx)             26>   33<  (complete)
 39: bb121-7-0-2.singnet.com.sg:58054 - bb121-7-64-2.singnet.com.sg:80 (by2bz)             29>   39<  (complete)
 40: bb121-7-0-2.singnet.com.sg:58069 - bb121-7-64-2.singnet.com.sg:80 (ca2cb)              9>    9<  (reset)
 41: bb121-7-0-2.singnet.com.sg:58071 - bb121-7-64-2.singnet.com.sg:80 (cc2cd)             24>   31<  (complete)
 42: bb121-7-0-2.singnet.com.sg:58073 - bb121-7-64-2.singnet.com.sg:80 (ce2cf)              5>    8<  (reset)
 43: bb121-7-0-2.singnet.com.sg:58076 - bb121-7-64-2.singnet.com.sg:80 (cg2ch)             28>   34<  (complete)  (reset)
 44: bb121-7-0-2.singnet.com.sg:58080 - bb121-7-64-2.singnet.com.sg:80 (ci2cj)             28>   32<  (complete)
 45: bb121-7-0-2.singnet.com.sg:58082 - bb121-7-64-2.singnet.com.sg:80 (ck2cl)             24>   31<  (complete)
 46: bb121-7-0-2.singnet.com.sg:58084 - bb121-7-64-2.singnet.com.sg:80 (cm2cn)             29>   32<  (complete)
 47: bb121-7-0-2.singnet.com.sg:58087 - bb121-7-64-2.singnet.com.sg:80 (co2cp)             10>    8<  (reset)
 48: bb121-7-0-2.singnet.com.sg:58088 - bb121-7-64-2.singnet.com.sg:80 (cq2cr)             29>   42<  (complete)
 49: bb121-7-0-2.singnet.com.sg:58095 - bb121-7-64-2.singnet.com.sg:80 (cs2ct)             29>   40<  (complete)
 50: bb121-7-0-2.singnet.com.sg:58111 - bb121-7-64-2.singnet.com.sg:80 (cu2cv)             21>   33<  (complete)
 51: bb121-7-0-2.singnet.com.sg:58114 - bb121-7-64-2.singnet.com.sg:80 (cw2cx)             29>   38<  (complete)
 52: bb121-7-0-2.singnet.com.sg:58135 - bb121-7-64-2.singnet.com.sg:80 (cy2cz)             25>   31<  (complete)
 53: bb121-7-0-2.singnet.com.sg:58138 - bb121-7-64-2.singnet.com.sg:80 (da2db)             27>   34<  (complete)
 54: bb121-7-0-2.singnet.com.sg:58151 - bb121-7-64-2.singnet.com.sg:80 (dc2dd)              5>    8<  (reset)
 55: bb121-7-0-2.singnet.com.sg:58153 - bb121-7-64-2.singnet.com.sg:80 (de2df)             27>   38<  (complete)
 56: bb121-7-0-2.singnet.com.sg:58169 - bb121-7-64-2.singnet.com.sg:80 (dg2dh)             11>    9<  (reset)
 57: bb121-7-0-2.singnet.com.sg:58181 - bb121-7-64-2.singnet.com.sg:80 (di2dj)             29>   34<  (complete)
 58: bb121-7-0-2.singnet.com.sg:58193 - bb121-7-64-2.singnet.com.sg:80 (dk2dl)             30>   34<  (complete)  (reset)
 59: bb121-7-0-2.singnet.com.sg:58196 - bb121-7-64-2.singnet.com.sg:80 (dm2dn)             29>   37<  (complete)
 60: bb121-7-0-2.singnet.com.sg:58201 - bb121-7-64-2.singnet.com.sg:80 (do2dp)             27>   42<  (complete)
 61: bb121-7-0-2.singnet.com.sg:58248 - bb121-7-64-2.singnet.com.sg:80 (dq2dr)             29>   31<  (complete)
 62: bb121-7-0-2.singnet.com.sg:58251 - bb121-7-64-2.singnet.com.sg:80 (ds2dt)             25>   34<  (complete)  (reset)
 63: bb121-7-0-2.singnet.com.sg:58258 - bb121-7-64-2.singnet.com.sg:80 (du2dv)             29>   36<  (complete)
 64: bb121-7-0-2.singnet.com.sg:58261 - bb121-7-64-2.singnet.com.sg:80 (dw2dx)             10>    8<  (reset)
 65: bb121-7-0-2.singnet.com.sg:58268 - bb121-7-64-2.singnet.com.sg:80 (dy2dz)             24>   35<  (complete)
 66: bb121-7-0-2.singnet.com.sg:58270 - bb121-7-64-2.singnet.com.sg:80 (ea2eb)             26>   33<  (complete)
 67: bb121-7-0-2.singnet.com.sg:58278 - bb121-7-64-2.singnet.com.sg:80 (ec2ed)             29>   33<  (complete)
 68: bb121-7-0-2.singnet.com.sg:58281 - bb121-7-64-2.singnet.com.sg:80 (ee2ef)              8>    8<  (reset)
 69: bb121-7-0-2.singnet.com.sg:58289 - bb121-7-64-2.singnet.com.sg:80 (eg2eh)             27>   33<  (complete)
 70: bb121-7-0-2.singnet.com.sg:58295 - bb121-7-64-2.singnet.com.sg:80 (ei2ej)             26>   33<  (complete)
 71: bb121-7-0-2.singnet.com.sg:58292 - bb121-7-64-2.singnet.com.sg:80 (ek2el)              9>    7<  (reset)
 72: bb121-7-0-2.singnet.com.sg:58301 - bb121-7-64-2.singnet.com.sg:80 (em2en)             30>   35<  (complete)
 73: bb121-7-0-2.singnet.com.sg:46445 - bb121-7-64-2.singnet.com.sg:80 (eo2ep)             27>   37<  (complete)
 74: bb121-7-0-2.singnet.com.sg:46453 - bb121-7-64-2.singnet.com.sg:80 (eq2er)             22>   32<  (complete)
 75: bb121-7-0-2.singnet.com.sg:46463 - bb121-7-64-2.singnet.com.sg:80 (es2et)             24>   37<  (complete)
 76: bb121-7-0-2.singnet.com.sg:46478 - bb121-7-64-2.singnet.com.sg:80 (eu2ev)             28>   34<  (complete)
 77: bb121-7-0-2.singnet.com.sg:46480 - bb121-7-64-2.singnet.com.sg:80 (ew2ex)             10>    9<  (reset)
 78: bb121-7-0-2.singnet.com.sg:46485 - bb121-7-64-2.singnet.com.sg:80 (ey2ez)             29>   35<  (complete)  (reset)
 79: bb121-7-0-2.singnet.com.sg:46488 - bb121-7-64-2.singnet.com.sg:80 (fa2fb)             28>   32<  (complete)
 80: bb121-7-0-2.singnet.com.sg:46495 - bb121-7-64-2.singnet.com.sg:80 (fc2fd)             25>   35<  (complete)
 81: bb121-7-0-2.singnet.com.sg:46501 - bb121-7-64-2.singnet.com.sg:80 (fe2ff)             27>   32<  (complete)
 82: bb121-7-0-2.singnet.com.sg:46502 - bb121-7-64-2.singnet.com.sg:80 (fg2fh)             10>    9<  (reset)
 83: bb121-7-0-2.singnet.com.sg:46496 - bb121-7-64-2.singnet.com.sg:80 (fi2fj)              9>    9<  (reset)
 84: bb121-7-0-2.singnet.com.sg:46506 - bb121-7-64-2.singnet.com.sg:80 (fk2fl)             27>   31<  (complete)
 85: bb121-7-0-2.singnet.com.sg:46510 - bb121-7-64-2.singnet.com.sg:80 (fm2fn)              5>    7<  (reset)
 86: bb121-7-0-2.singnet.com.sg:46519 - bb121-7-64-2.singnet.com.sg:80 (fo2fp)             30>   35<  (complete)  (reset)
 87: bb121-7-0-2.singnet.com.sg:46511 - bb121-7-64-2.singnet.com.sg:80 (fq2fr)              9>    7<  (reset)
 88: bb121-7-0-2.singnet.com.sg:46525 - bb121-7-64-2.singnet.com.sg:80 (fs2ft)             28>   32<  (complete)
 89: bb121-7-0-2.singnet.com.sg:46518 - bb121-7-64-2.singnet.com.sg:80 (fu2fv)              9>    7<  (reset)
 90: bb121-7-0-2.singnet.com.sg:46530 - bb121-7-64-2.singnet.com.sg:80 (fw2fx)             30>   33<  (complete)
 91: bb121-7-0-2.singnet.com.sg:46531 - bb121-7-64-2.singnet.com.sg:80 (fy2fz)              9>    7<  (reset)
 92: bb121-7-0-2.singnet.com.sg:46532 - bb121-7-64-2.singnet.com.sg:80 (ga2gb)             24>   32<  (complete)
 93: bb121-7-0-2.singnet.com.sg:46535 - bb121-7-64-2.singnet.com.sg:80 (gc2gd)              9>    8<  (reset)
 94: bb121-7-0-2.singnet.com.sg:46536 - bb121-7-64-2.singnet.com.sg:80 (ge2gf)              9>    8<  (reset)
 95: bb121-7-0-2.singnet.com.sg:46585 - bb121-7-64-2.singnet.com.sg:80 (gg2gh)             28>   35<  (complete)
 96: bb121-7-0-2.singnet.com.sg:46587 - bb121-7-64-2.singnet.com.sg:80 (gi2gj)             10>    8<  (reset)
 97: bb121-7-0-2.singnet.com.sg:46595 - bb121-7-64-2.singnet.com.sg:80 (gk2gl)             27>   33<  (complete)
 98: bb121-7-0-2.singnet.com.sg:46597 - bb121-7-64-2.singnet.com.sg:80 (gm2gn)              7>    7<  (reset)
 99: bb121-7-0-2.singnet.com.sg:46605 - bb121-7-64-2.singnet.com.sg:80 (go2gp)             26>   32<  (complete)
100: bb121-7-0-2.singnet.com.sg:46596 - bb121-7-64-2.singnet.com.sg:80 (gq2gr)             11>    9<  (reset)
101: bb121-7-0-2.singnet.com.sg:46603 - bb121-7-64-2.singnet.com.sg:80 (gs2gt)              9>    7<  (reset)
102: bb121-7-0-2.singnet.com.sg:46614 - bb121-7-64-2.singnet.com.sg:80 (gu2gv)             26>   32<  (complete)
103: bb121-7-0-2.singnet.com.sg:46609 - bb121-7-64-2.singnet.com.sg:80 (gw2gx)              7>    7<  (reset)
104: bb121-7-0-2.singnet.com.sg:46615 - bb121-7-64-2.singnet.com.sg:80 (gy2gz)              9>    9<  (reset)
105: bb121-7-0-2.singnet.com.sg:46617 - bb121-7-64-2.singnet.com.sg:80 (ha2hb)             27>   34<  (complete)
106: bb121-7-0-2.singnet.com.sg:46625 - bb121-7-64-2.singnet.com.sg:80 (hc2hd)              6>    5<  (reset)
107: bb121-7-0-2.singnet.com.sg:46622 - bb121-7-64-2.singnet.com.sg:80 (he2hf)              8>    7<  (reset)
108: bb121-7-0-2.singnet.com.sg:46631 - bb121-7-64-2.singnet.com.sg:80 (hg2hh)              7>    8<  (reset)
109: bb121-7-0-2.singnet.com.sg:46633 - bb121-7-64-2.singnet.com.sg:80 (hi2hj)             28>   32<  (complete)
110: bb121-7-0-2.singnet.com.sg:46637 - bb121-7-64-2.singnet.com.sg:80 (hk2hl)             23>   31<  (complete)
111: bb121-7-0-2.singnet.com.sg:46642 - bb121-7-64-2.singnet.com.sg:80 (hm2hn)              8>    7<  (reset)
112: bb121-7-0-2.singnet.com.sg:46645 - bb121-7-64-2.singnet.com.sg:80 (ho2hp)             10>    9<  (reset)
113: bb121-7-0-2.singnet.com.sg:46647 - bb121-7-64-2.singnet.com.sg:80 (hq2hr)             25>   33<  (complete)
114: bb121-7-0-2.singnet.com.sg:46651 - bb121-7-64-2.singnet.com.sg:80 (hs2ht)              8>    7<  (reset)
115: bb121-7-0-2.singnet.com.sg:46654 - bb121-7-64-2.singnet.com.sg:80 (hu2hv)             29>   35<  (complete)
116: bb121-7-0-2.singnet.com.sg:46657 - bb121-7-64-2.singnet.com.sg:80 (hw2hx)              9>   10<  (reset)
117: bb121-7-0-2.singnet.com.sg:46662 - bb121-7-64-2.singnet.com.sg:80 (hy2hz)              8>    7<  (reset)
118: bb121-7-0-2.singnet.com.sg:46664 - bb121-7-64-2.singnet.com.sg:80 (ia2ib)             28>   32<  (complete)
119: bb121-7-0-2.singnet.com.sg:46671 - bb121-7-64-2.singnet.com.sg:80 (ic2id)             28>   37<  (complete)
120: bb121-7-0-2.singnet.com.sg:46674 - bb121-7-64-2.singnet.com.sg:80 (ie2if)              9>    7<  (reset)
121: bb121-7-0-2.singnet.com.sg:46677 - bb121-7-64-2.singnet.com.sg:80 (ig2ih)              9>    8<  (reset)
122: bb121-7-0-2.singnet.com.sg:46681 - bb121-7-64-2.singnet.com.sg:80 (ii2ij)             26>   32<  (complete)
123: bb121-7-0-2.singnet.com.sg:46683 - bb121-7-64-2.singnet.com.sg:80 (ik2il)              9>   10<  (reset)
124: bb121-7-0-2.singnet.com.sg:46698 - bb121-7-64-2.singnet.com.sg:80 (im2in)             26>   32<  (complete)
125: bb121-7-0-2.singnet.com.sg:46704 - bb121-7-64-2.singnet.com.sg:80 (io2ip)             24>   31<  (complete)
126: bb121-7-0-2.singnet.com.sg:46690 - bb121-7-64-2.singnet.com.sg:80 (iq2ir)              7>    8<  (reset)
127: bb121-7-0-2.singnet.com.sg:46712 - bb121-7-64-2.singnet.com.sg:80 (is2it)             27>   35<  (complete)
128: bb121-7-0-2.singnet.com.sg:46713 - bb121-7-64-2.singnet.com.sg:80 (iu2iv)             11>    9<  (reset)
129: bb121-7-0-2.singnet.com.sg:46723 - bb121-7-64-2.singnet.com.sg:80 (iw2ix)             28>   31<  (complete)
130: bb121-7-0-2.singnet.com.sg:46726 - bb121-7-64-2.singnet.com.sg:80 (iy2iz)              7>    9<  (reset)
131: bb121-7-0-2.singnet.com.sg:46727 - bb121-7-64-2.singnet.com.sg:80 (ja2jb)             30>   34<  (complete)
132: bb121-7-0-2.singnet.com.sg:46733 - bb121-7-64-2.singnet.com.sg:80 (jc2jd)              7>    7<  (reset)
133: bb121-7-0-2.singnet.com.sg:46742 - bb121-7-64-2.singnet.com.sg:80 (je2jf)              8>   10<  (reset)
134: bb121-7-0-2.singnet.com.sg:46749 - bb121-7-64-2.singnet.com.sg:80 (jg2jh)             28>   35<  (complete)
135: bb121-7-0-2.singnet.com.sg:46754 - bb121-7-64-2.singnet.com.sg:80 (ji2jj)             27>   34<  (complete)
136: bb121-7-0-2.singnet.com.sg:46755 - bb121-7-64-2.singnet.com.sg:80 (jk2jl)              9>    7<  (reset)
137: bb121-7-0-2.singnet.com.sg:46758 - bb121-7-64-2.singnet.com.sg:80 (jm2jn)             26>   31<  (complete)
138: bb121-7-0-2.singnet.com.sg:46772 - bb121-7-64-2.singnet.com.sg:80 (jo2jp)             25>   31<  (complete)
139: bb121-7-0-2.singnet.com.sg:46765 - bb121-7-64-2.singnet.com.sg:80 (jq2jr)              8>    7<  (reset)
140: bb121-7-0-2.singnet.com.sg:46775 - bb121-7-64-2.singnet.com.sg:80 (js2jt)             25>   39<  (complete)
141: bb121-7-0-2.singnet.com.sg:46778 - bb121-7-64-2.singnet.com.sg:80 (ju2jv)              9>    9<  (reset)
142: bb121-7-0-2.singnet.com.sg:46785 - bb121-7-64-2.singnet.com.sg:80 (jw2jx)             30>   32<  (complete)
143: bb121-7-0-2.singnet.com.sg:46794 - bb121-7-64-2.singnet.com.sg:80 (jy2jz)              9>    9<  (reset)
144: bb121-7-0-2.singnet.com.sg:46788 - bb121-7-64-2.singnet.com.sg:80 (ka2kb)             28>   31<  (complete)
145: bb121-7-0-2.singnet.com.sg:46789 - bb121-7-64-2.singnet.com.sg:80 (kc2kd)              8>    9<  (reset)
146: bb121-7-0-2.singnet.com.sg:46800 - bb121-7-64-2.singnet.com.sg:80 (ke2kf)             28>   35<  (complete)
147: bb121-7-0-2.singnet.com.sg:46805 - bb121-7-64-2.singnet.com.sg:80 (kg2kh)              8>    9<  (reset)
148: bb121-7-0-2.singnet.com.sg:46808 - bb121-7-64-2.singnet.com.sg:80 (ki2kj)             27>   39<  (complete)
149: bb121-7-0-2.singnet.com.sg:46816 - bb121-7-64-2.singnet.com.sg:80 (kk2kl)             22>   31<  (complete)
150: bb121-7-0-2.singnet.com.sg:46824 - bb121-7-64-2.singnet.com.sg:80 (km2kn)             23>   31<  (complete)
151: bb121-7-0-2.singnet.com.sg:46825 - bb121-7-64-2.singnet.com.sg:80 (ko2kp)              9>    7<  (reset)
152: bb121-7-0-2.singnet.com.sg:46832 - bb121-7-64-2.singnet.com.sg:80 (kq2kr)             22>   31<  (complete)
153: bb121-7-0-2.singnet.com.sg:46833 - bb121-7-64-2.singnet.com.sg:80 (ks2kt)             27>   34<  (complete)
154: bb121-7-0-2.singnet.com.sg:46831 - bb121-7-64-2.singnet.com.sg:80 (ku2kv)              9>    8<  (reset)
155: bb121-7-0-2.singnet.com.sg:46842 - bb121-7-64-2.singnet.com.sg:80 (kw2kx)             30>   31<  (complete)
156: bb121-7-0-2.singnet.com.sg:46847 - bb121-7-64-2.singnet.com.sg:80 (ky2kz)             29>   34<  (complete)
157: bb121-7-0-2.singnet.com.sg:46848 - bb121-7-64-2.singnet.com.sg:80 (la2lb)              8>   10<  (reset)
